// Jest Snapshot v1, https://goo.gl/fbAQLP

exports[`Passage Passage matches snapshot 1`] = `
<div>
  <p
    className="passage"
    key="1"
  >
    1: Ergo iter inceptum peragunt fluvioque propinquant.
    ;
  </p>
  <p
    className="passage"
    key="2"
  >
    2: Navita quos iam inde ut Stygia prospexit ab unda
    ;
  </p>
</div>
`;
