// Jest Snapshot v1, https://goo.gl/fbAQLP

exports[`Question Question matches snapshot 1`] = `
<h5
  className="question"
>
  1 Lorem ipsum
</h5>
`;
